---
source: apollo-router/src/configuration/expansion.rs
expression: value
---
experimental:
  expose_query_plan: "true"
homepage:
  enabled: "true"
  some_other_config: should remain
include_subgraph_errors:
  all: "true"
sandbox:
  enabled: "true"
supergraph:
  introspection: "true"
telemetry:
  tracing:
    experimental_response_trace_id:
      enabled: "true"

