---
source: apollo-router/src/configuration/mod.rs
expression: error.to_string()
---
configuration had errors: 
1. /listeners/data


listeners:
  # The socket address and port to listen on
  # Defaults to 127.0.0.1:4000
  data: true
        ^----- true is not valid under any of the given schemas
