---
source: apollo-router/src/configuration/mod.rs
expression: error.to_string()
---
configuration had errors: 
1. /server/cors/allow_headers/1

server:
  cors:
    allow_headers:
      - Content-Type
      - 5
        ^----- 5 is not of type "string"
