---
source: apollo-router/src/services/router_service.rs
expression: "std::str::from_utf8(stream.next_response().await.unwrap().unwrap().to_vec().as_slice()).unwrap()"
---
"content-type: application/json\r\n\r\n{\"hasNext\":false,\"incremental\":[{\"data\":{\"name\":null},\"path\":[\"currentUser\",\"activeOrganization\",\"suborga\",0],\"errors\":[{\"message\":\"error orga 1\",\"path\":[\"currentUser\",\"activeOrganization\",\"suborga\",0]}]},{\"data\":{\"name\":\"A\"},\"path\":[\"currentUser\",\"activeOrganization\",\"suborga\",1]},{\"data\":{\"name\":null},\"path\":[\"currentUser\",\"activeOrganization\",\"suborga\",2],\"errors\":[{\"message\":\"error orga 3\",\"path\":[\"currentUser\",\"activeOrganization\",\"suborga\",2]}]}]}\r\n--graphql--\r\n"
