---
source: apollo-router/src/services/router_service.rs
expression: stream.next_response().await.unwrap()
---
{
  "errors": [
    {
      "message": "invalid type for variable: 'userId'",
      "extensions": {
        "type": "ValidationInvalidTypeVariable",
        "name": "userId"
      }
    }
  ]
}
