---
source: apollo-router/src/services/supergraph_service.rs
expression: "std::str::from_utf8(&stream.next_response().await.unwrap().unwrap()).unwrap()"
---

--graphql
content-type: application/json

{"errors":[{"message":"invalid type for variable: 'userId'","extensions":{"type":"ValidationInvalidTypeVariable","name":"userId"}}]}
--graphql--

