---
source: apollo-router/src/services/router_service.rs
expression: response
---
{
  "data": {
    "currentUser": {
      "activeOrganization": null
    }
  }
}
