---
source: apollo-router/src/services/router_service.rs
expression: json_response
---
{
  "data": {
    "currentUser": {
      "activeOrganization": null
    }
  },
  "extensions": {
    "valueCompletion": [
      {
        "message": "Cannot return null for non-nullable field Organization.nonNullId",
        "path": [
          "currentUser",
          "activeOrganization"
        ]
      }
    ]
  }
}
