---
source: apollo-router/src/services/router_service.rs
expression: "std::str::from_utf8(stream.next_response().await.unwrap().unwrap().to_vec().as_slice()).unwrap()"
---
"\r\n--graphql\r\ncontent-type: application/json\r\n\r\n{\"data\":{\"currentUser\":{\"activeOrganization\":{\"id\":\"0\",\"suborga\":[{\"id\":\"1\"},{\"id\":\"2\"},{\"id\":\"3\"}]}}},\"hasNext\":true}\r\n--graphql\r\n"
